// Jest Snapshot v1, https://goo.gl/fbAQLP

exports[`Render DateInput render correctly input component 1`] = `
<input
  onChange={[Function]}
  type="text"
/>
`;

exports[`Render Input render correctly input component 1`] = `
<input
  onChange={[Function]}
  type="text"
/>
`;
