// Jest Snapshot v1, https://goo.gl/fbAQLP

exports[`Render Button render with minimal props 1`] = `
<button
  className="btn btn-primary btn-sm"
  disabled={false}
  type="button"
>
    
</button>
`;
