// Jest Snapshot v1, https://goo.gl/fbAQLP

exports[`Render Input render correctly input component 1`] = `
<input
  className="form-control"
  onChange={[Function]}
  type="text"
/>
`;
